// Jest Snapshot v1, https://goo.gl/fbAQLP

exports[`Should render correctly AudioPlayer component 1`] = `
<div
  className="track__status"
>
  <audio
    src="http://dl2.mp3party.net/online/9116246.mp3"
  />
</div>
`;
